/*
 * Copyright (C) 2026 PostGraphDB
 *
 * This program is free software: you can redistribute it and/or modify
 * it under the terms of the GNU Affero General Public License as
 * published by the Free Software Foundation, either version 3 of the
 * License, or (at your option) any later version.
 *
 * This program is distributed in the hope that it will be useful,
 * but WITHOUT ANY WARRANTY; without even the implied warranty of
 * MERCHANTABILITY or FITNESS FOR A PARTICULAR PURPOSE.  See the
 * GNU Affero General Public License for more details.
 *
 * You should have received a copy of the GNU Affero General Public License
 * along with this program.  If not, see <https://www.gnu.org/licenses/>.
 */
LOAD 'neopostgraph';
SET search_path TO public, pg_catalog, NeoPostGraph;
SELECT FROM edge_in('{"name": "Alice", "age": 30}');
--
(1 row)

SELECT edge_in('{"name": "Alice", "age": 30}');
                                                     edge_in                                                     
-----------------------------------------------------------------------------------------------------------------
 {"id": 0, "start_vertex": (0,0), "edge_vertex": (0,0), "label": "", "properties": {"age": 30, "name": "Alice"}}
(1 row)

SELECT * FROM edge_in('{"name": "Alice", "age": 30}');
                                                     edge_in                                                     
-----------------------------------------------------------------------------------------------------------------
 {"id": 0, "start_vertex": (0,0), "edge_vertex": (0,0), "label": "", "properties": {"age": 30, "name": "Alice"}}
(1 row)

--
-- Edge Input Routine
-- NOTE: Never going to be used
--
SELECT edge_in('{}');
                                        edge_in                                        
---------------------------------------------------------------------------------------
 {"id": 0, "start_vertex": (0,0), "edge_vertex": (0,0), "label": "", "properties": {}}
(1 row)

SELECT edge_in('{"name": "Alice", "age": 30}');
                                                     edge_in                                                     
-----------------------------------------------------------------------------------------------------------------
 {"id": 0, "start_vertex": (0,0), "edge_vertex": (0,0), "label": "", "properties": {"age": 30, "name": "Alice"}}
(1 row)

SELECT edge_in('{"nested": {"a": 1, "b": [2, 3]}}');
                                                       edge_in                                                        
----------------------------------------------------------------------------------------------------------------------
 {"id": 0, "start_vertex": (0,0), "edge_vertex": (0,0), "label": "", "properties": {"nested": {"a": 1, "b": [2, 3]}}}
(1 row)

SELECT edge_in('{"bool": true, "nullval": null, "float": 3.14}');
                                                              edge_in                                                              
-----------------------------------------------------------------------------------------------------------------------------------
 {"id": 0, "start_vertex": (0,0), "edge_vertex": (0,0), "label": "", "properties": {"bool": true, "float": 3.14, "nullval": null}}
(1 row)

SELECT edge_in('{"name": "Bob", "tags": ["dev", "graph"], "scores": [95, 87, 92], "active": true}');
                                                                               edge_in                                                                                
----------------------------------------------------------------------------------------------------------------------------------------------------------------------
 {"id": 0, "start_vertex": (0,0), "edge_vertex": (0,0), "label": "", "properties": {"name": "Bob", "tags": ["dev", "graph"], "active": true, "scores": [95, 87, 92]}}
(1 row)

--
-- Edge basic constructor
--
SELECT edge_build(0::int8, 0, 0, 0::smallint, vertex_in('{}'), vertex_in('{}'),'{}'::gtype);
                                      edge_build                                       
---------------------------------------------------------------------------------------
 {"id": 0, "start_vertex": (0,0), "edge_vertex": (0,0), "label": "", "properties": {}}
(1 row)

SELECT edge_build(0::int8, 0, 0, 0::smallint, vertex_in('{}'), vertex_in('{}'),'{"name": "Alice", "age": 30}'::gtype);
                                                   edge_build                                                    
-----------------------------------------------------------------------------------------------------------------
 {"id": 0, "start_vertex": (0,0), "edge_vertex": (0,0), "label": "", "properties": {"age": 30, "name": "Alice"}}
(1 row)

SELECT edge_build(0::int8, 0, 0, 0::smallint, vertex_in('{}'), vertex_in('{}'),'{"nested": {"a": 1, "b": [2, 3]}}'::gtype);
                                                      edge_build                                                      
----------------------------------------------------------------------------------------------------------------------
 {"id": 0, "start_vertex": (0,0), "edge_vertex": (0,0), "label": "", "properties": {"nested": {"a": 1, "b": [2, 3]}}}
(1 row)

SELECT edge_build(0::int8, 0, 0, 0::smallint, vertex_in('{}'), vertex_in('{}'),'{"bool": true, "nullval": null, "float": 3.14}'::gtype);
                                                            edge_build                                                             
-----------------------------------------------------------------------------------------------------------------------------------
 {"id": 0, "start_vertex": (0,0), "edge_vertex": (0,0), "label": "", "properties": {"bool": true, "float": 3.14, "nullval": null}}
(1 row)

SELECT edge_build(0::int8, 0, 0, 0::smallint, vertex_in('{}'), vertex_in('{}'),'{"name": "Bob", "tags": ["dev", "graph"], "scores": [95, 87, 92], "active": true}'::gtype);
                                                                              edge_build                                                                              
----------------------------------------------------------------------------------------------------------------------------------------------------------------------
 {"id": 0, "start_vertex": (0,0), "edge_vertex": (0,0), "label": "", "properties": {"name": "Bob", "tags": ["dev", "graph"], "active": true, "scores": [95, 87, 92]}}
(1 row)

--
-- Vertex LTree Label Logic
--
SELECT create_graph('edge_graph', 'public');
NOTICE:  graph "edge_graph" has been created
 create_graph 
--------------
 
(1 row)

SELECT create_elabel('edge_graph', 'person');
NOTICE:  elabel "edge_graph" has been created
 create_elabel 
---------------
 
(1 row)

SELECT * FROM np_graph graph WHERE graph.name = 'edge_graph';
 id |    name    | namespace |   vertex_labels    |     vertex_id_seq      |   edge_labels    |     edge_id_seq      |    annot_schema_tbl     |      annot_schema_phys_map       
----+------------+-----------+--------------------+------------------------+------------------+----------------------+-------------------------+----------------------------------
 31 | edge_graph | public    | np_vertex_label_31 | vertex_label_id_seq_31 | np_edge_label_31 | edge_label_id_seq_31 | np_annotation_schema_31 | np_annotation_schema_phys_map_31
(1 row)

select * FROM np_edge_label_26;
 id | ltree |     tbl      |       phys_map        | is_primary 
----+-------+--------------+-----------------------+------------
  1 | _     | np_edge_26_1 | np_edge_26_1_phys_map | t
(1 row)

\d+ np_edge_label_26
                             Table "neopostgraph.np_edge_label_26"
   Column   |   Type   | Collation | Nullable | Default | Storage  | Stats target | Description 
------------+----------+-----------+----------+---------+----------+--------------+-------------
 id         | integer  |           | not null |         | plain    |              | 
 ltree      | ltree    |           | not null |         | extended |              | 
 tbl        | regclass |           | not null |         | plain    |              | 
 phys_map   | regclass |           | not null |         | plain    |              | 
 is_primary | boolean  |           |          | true    | plain    |              | 
Indexes:
    "np_edge_label_26_btree_idx" PRIMARY KEY, btree (id)
    "np_edge_label_26_gist_idx" gist (ltree) WHERE is_primary
Not-null constraints:
    "np_edge_label_26_id_not_null" NOT NULL "id"
    "np_edge_label_26_ltree_not_null" NOT NULL "ltree"
    "np_edge_label_26_tbl_not_null" NOT NULL "tbl"
    "np_edge_label_26_phys_map_not_null" NOT NULL "phys_map"

\d+ np_edge_26_2
SELECT edge_build(0::int8, graph.id, label.id, 0::smallint, vertex_in('{}'), vertex_in('{}'),'{"name": "Bob", "tags": ["dev", "graph"], "scores": [95, 87, 92], "active": true}'::gtype)
FROM np_edge_label_26 label, np_graph graph
WHERE graph.name = 'edge_graph'
  AND label.ltree @ 'person';
 edge_build 
------------
(0 rows)

SELECT create_elabel('edge_graph', 'person.employee.engineer');
NOTICE:  elabel "edge_graph" has been created
 create_elabel 
---------------
 
(1 row)

SELECT edge_build(1::int8, graph.id, label.id, 0::smallint,vertex_in('{}'), vertex_in('{}'),'{"name": "Alice", "age": 30}'::gtype)
FROM np_edge_label_26 label, np_graph graph
WHERE graph.name = 'edge_graph'
  AND label.ltree @ 'person';
 edge_build 
------------
(0 rows)

--
-- Multi-Label Edge DDL & Migration Tests
--
-- 1. Setup: Create a vertex label
SELECT create_vlabel('edge_graph', 'node');
NOTICE:  vlabel "node" has been created
 create_vlabel 
---------------
 
(1 row)

-- Insert Vertices explicitly using nextval
SELECT insert_vertex(vertex_build(nextval('np_vertex_id_seq_31_2')::int8, 31, 2, 0::smallint, '{}'::gtype));
 insert_vertex 
---------------
 
(1 row)

SELECT insert_vertex(vertex_build(nextval('np_vertex_id_seq_31_2')::int8, 31, 2, 0::smallint, '{}'::gtype));
 insert_vertex 
---------------
 
(1 row)

-- 2. Setup: Base edge labels (These become 4 and 5)
SELECT create_elabel('edge_graph', 'colleague');
NOTICE:  elabel "edge_graph" has been created
 create_elabel 
---------------
 
(1 row)

SELECT create_elabel('edge_graph', 'manager');
NOTICE:  elabel "edge_graph" has been created
 create_elabel 
---------------
 
(1 row)

-- 3. Test: merge_elabels (Manual LTREE path concatenation)
SELECT merge_elabels('edge_graph', 4, 5);
NOTICE:  Merged elabels 4 and 5 for graph "edge_graph"
 merge_elabels 
---------------
 
(1 row)

-- Verify the merged label exists in the catalog
SELECT id, ltree FROM np_edge_label_31 WHERE ltree = '_.colleague.manager'::ltree;
 id | ltree 
----+-------
(0 rows)

-- 4. Setup: Insert edge 1 between Vertex 1 and Vertex 2
SELECT insert_edge(
    vertex_build(1::int8, 31, 2, 0::smallint, '{}'::gtype),
    vertex_build(2::int8, 31, 2, 0::smallint, '{}'::gtype),
    edge_build(nextval('np_edge_id_seq_31_4')::int8, 31, 4, 0::smallint, 
        vertex_build(1::int8, 31, 2, 0::smallint, '{}'::gtype),
        vertex_build(2::int8, 31, 2, 0::smallint, '{}'::gtype),
        '{"department": "engineering"}'::gtype
    )
);
 insert_edge 
-------------
 
(1 row)

SELECT * FROM np_edge_31_4;
 id |                                                           edge                                                            
----+---------------------------------------------------------------------------------------------------------------------------
  1 | {"id": 1, "start_vertex": (2,1), "edge_vertex": (2,2), "label": "colleague", "properties": {"department": "engineering"}}
(1 row)

-- 5. Test: set_edge_label (The Migration Engine)
SELECT set_edge_label(1::int8, 4, 31, 'promoted'::text);
                                                           set_edge_label                                                           
------------------------------------------------------------------------------------------------------------------------------------
 {"id": 1, "start_vertex": (2,1), "edge_vertex": (2,2), "label": "colleague.promoted", "properties": {"department": "engineering"}}
(1 row)

-- Verify the new label was auto-generated by the migrator
SELECT id, ltree FROM np_edge_label_31 WHERE ltree = '_.colleague.promoted'::ltree;
 id |        ltree         
----+----------------------
  8 | _.colleague.promoted
(1 row)

