/*
 * Copyright (C) 2026 PostGraphDB
 *
 * This program is free software: you can redistribute it and/or modify
 * it under the terms of the GNU Affero General Public License as
 * published by the Free Software Foundation, either version 3 of the
 * License, or (at your option) any later version.
 *
 * This program is distributed in the hope that it will be useful,
 * but WITHOUT ANY WARRANTY; without even the implied warranty of
 * MERCHANTABILITY or FITNESS FOR A PARTICULAR PURPOSE.  See the
 * GNU Affero General Public License for more details.
 *
 * You should have received a copy of the GNU Affero General Public License
 * along with this program.  If not, see <https://www.gnu.org/licenses/>.
 */
LOAD 'neopostgraph';
SET search_path TO  public, pg_catalog, NeoPostGraph;
SELECT FROM vertex_in('{"name": "Alice", "age": 30}');
--
(1 row)

SELECT vertex_in('{"name": "Alice", "age": 30}');
                             vertex_in                              
--------------------------------------------------------------------
 {"id": 0, "label": "", "properties": {"age": 30, "name": "Alice"}}
(1 row)

SELECT * FROM vertex_in('{"name": "Alice", "age": 30}');
                             vertex_in                              
--------------------------------------------------------------------
 {"id": 0, "label": "", "properties": {"age": 30, "name": "Alice"}}
(1 row)

--
-- Vertex Input Routine
-- NOTE: Never going to be used
--
SELECT vertex_in('{}');
                vertex_in                 
------------------------------------------
 {"id": 0, "label": "", "properties": {}}
(1 row)

SELECT vertex_in('{"name": "Alice", "age": 30}');
                             vertex_in                              
--------------------------------------------------------------------
 {"id": 0, "label": "", "properties": {"age": 30, "name": "Alice"}}
(1 row)

SELECT vertex_in('{"nested": {"a": 1, "b": [2, 3]}}');
                                vertex_in                                
-------------------------------------------------------------------------
 {"id": 0, "label": "", "properties": {"nested": {"a": 1, "b": [2, 3]}}}
(1 row)

SELECT vertex_in('{"bool": true, "nullval": null, "float": 3.14}');
                                      vertex_in                                       
--------------------------------------------------------------------------------------
 {"id": 0, "label": "", "properties": {"bool": true, "float": 3.14, "nullval": null}}
(1 row)

SELECT vertex_in('{"name": "Bob", "tags": ["dev", "graph"], "scores": [95, 87, 92], "active": true}');
                                                        vertex_in                                                        
-------------------------------------------------------------------------------------------------------------------------
 {"id": 0, "label": "", "properties": {"name": "Bob", "tags": ["dev", "graph"], "active": true, "scores": [95, 87, 92]}}
(1 row)

--
-- Vertex basic constructor
--
SELECT vertex_build(0::int8, 0, 0, 0::smallint, '{}'::gtype);
               vertex_build               
------------------------------------------
 {"id": 0, "label": "", "properties": {}}
(1 row)

SELECT vertex_build(0::int8, 0, 0, 0::smallint,'{"name": "Alice", "age": 30}'::gtype);
                            vertex_build                            
--------------------------------------------------------------------
 {"id": 0, "label": "", "properties": {"age": 30, "name": "Alice"}}
(1 row)

SELECT vertex_build(0::int8, 0, 0, 0::smallint,'{"nested": {"a": 1, "b": [2, 3]}}'::gtype);
                              vertex_build                               
-------------------------------------------------------------------------
 {"id": 0, "label": "", "properties": {"nested": {"a": 1, "b": [2, 3]}}}
(1 row)

SELECT vertex_build(0::int8, 0, 0, 0::smallint,'{"bool": true, "nullval": null, "float": 3.14}'::gtype);
                                     vertex_build                                     
--------------------------------------------------------------------------------------
 {"id": 0, "label": "", "properties": {"bool": true, "float": 3.14, "nullval": null}}
(1 row)

SELECT vertex_build(0::int8, 0, 0, 0::smallint, '{"name": "Bob", "tags": ["dev", "graph"], "scores": [95, 87, 92], "active": true}'::gtype);
                                                      vertex_build                                                       
-------------------------------------------------------------------------------------------------------------------------
 {"id": 0, "label": "", "properties": {"name": "Bob", "tags": ["dev", "graph"], "active": true, "scores": [95, 87, 92]}}
(1 row)

--
-- Vertex LTree Label Logic
--
SELECT create_graph('vertex_graph', 'public');
NOTICE:  graph "vertex_graph" has been created
 create_graph 
--------------
 
(1 row)

SELECT create_vlabel('vertex_graph', 'person', ARRAY['EMPLOYEED', 'FREE']);
NOTICE:  vlabel "person" has been created
 create_vlabel 
---------------
 
(1 row)

SELECT * FROM np_graph graph WHERE graph.name = 'vertex_graph';
 id |     name     | namespace |   vertex_labels    |     vertex_id_seq      |   edge_labels    |     edge_id_seq      |    annot_schema_tbl     |      annot_schema_phys_map       
----+--------------+-----------+--------------------+------------------------+------------------+----------------------+-------------------------+----------------------------------
 21 | vertex_graph | public    | np_vertex_label_21 | vertex_label_id_seq_21 | np_edge_label_21 | edge_label_id_seq_21 | np_annotation_schema_21 | np_annotation_schema_phys_map_21
(1 row)

select * FROM np_vertex_label_21;
 id |  ltree   |      tbl       |        phys_map         |        linked_list_meta         |        linked_list_seq         |        arraylist         |      annotations_tbl       |  annotation_map  
----+----------+----------------+-------------------------+---------------------------------+--------------------------------+--------------------------+----------------------------+------------------
  1 | _        | np_vertex_21_1 | np_vertex_21_1_phys_map | np_vertex_21_1_linked_list_meta | np_vertex_21_1_linked_list_seq | np_vertex_21_1_arraylist | np_vertex_21_1_annotations | 
  2 | _.person | np_vertex_21_2 | np_vertex_21_2_phys_map | np_vertex_21_2_linked_list_meta | np_vertex_21_2_linked_list_seq | np_vertex_21_2_arraylist | np_vertex_21_2_annotations | {EMPLOYEED,FREE}
(2 rows)

select * from np_vertex_21_2_linked_list_meta;
 id |             tbl              | active | compacted 
----+------------------------------+--------+-----------
  1 | np_vertex_21_2_1_linked_list | t      | f
(1 row)

\d+ np_vertex_21_2
                              Table "public.np_vertex_21_2"
 Column |  Type  | Collation | Nullable | Default | Storage  | Stats target | Description 
--------+--------+-----------+----------+---------+----------+--------------+-------------
 id     | bigint |           | not null |         | plain    |              | 
 vertex | vertex |           | not null |         | extended |              | 
Not-null constraints:
    "np_vertex_21_2_id_not_null" NOT NULL "id"
    "np_vertex_21_2_vertex_not_null" NOT NULL "vertex"

\d+ np_vertex_21_2_phys_map
                            Table "public.np_vertex_21_2_phys_map"
  Column   |   Type   | Collation | Nullable | Default | Storage | Stats target | Description 
-----------+----------+-----------+----------+---------+---------+--------------+-------------
 v_itemptr | tid      |           |          |         | plain   |              | 
 e_tbl_id  | regclass |           |          |         | plain   |              | 
 e_itemptr | tid      |           |          |         | plain   |              | 
 a_itemptr | tid      |           |          |         | plain   |              | 

\d+ np_vertex_21_2_linked_list_meta
                        Table "public.np_vertex_21_2_linked_list_meta"
  Column   |   Type   | Collation | Nullable | Default | Storage | Stats target | Description 
-----------+----------+-----------+----------+---------+---------+--------------+-------------
 id        | integer  |           |          |         | plain   |              | 
 tbl       | regclass |           |          |         | plain   |              | 
 active    | boolean  |           |          |         | plain   |              | 
 compacted | boolean  |           |          |         | plain   |              | 

\d+ np_vertex_21_2_1_linked_list
                           Table "public.np_vertex_21_2_1_linked_list"
    Column    |   Type   | Collation | Nullable | Default | Storage | Stats target | Description 
--------------+----------+-----------+----------+---------+---------+--------------+-------------
 id           | bigint   |           |          |         | plain   |              | 
 edge_lid     | integer  |           |          |         | plain   |              | 
 dir          | "char"   |           |          |         | plain   |              | 
 owner_id     | bigint   |           |          |         | plain   |              | 
 other_id     | bigint   |           |          |         | plain   |              | 
 other_lid    | integer  |           |          |         | plain   |              | 
 next_tbl     | regclass |           |          |         | plain   |              | 
 next_itemptr | tid      |           |          |         | plain   |              | 
 prev_tbl     | regclass |           |          |         | plain   |              | 
 prev_itemptr | tid      |           |          |         | plain   |              | 

\d+ np_vertex_21_2_arraylist
                               Table "public.np_vertex_21_2_arraylist"
    Column    |    Type     | Collation | Nullable | Default | Storage  | Stats target | Description 
--------------+-------------+-----------+----------+---------+----------+--------------+-------------
 id           | bigint      |           |          |         | plain    |              | 
 prev_table   | regclass(4) |           |          |         | plain    |              | 
 prev_itemptr | tid         |           |          |         | plain    |              | 
 adj_list     | adj_list    |           |          |         | extended |              | 
 next_itemptr | tid         |           |          |         | plain    |              | 

\d+ np_vertex_21_2_annotations
                            Table "public.np_vertex_21_2_annotations"
   Column    |   Type   | Collation | Nullable | Default | Storage  | Stats target | Description 
-------------+----------+-----------+----------+---------+----------+--------------+-------------
 id          | bigint   |           | not null |         | plain    |              | 
 annotations | bytea(1) |           |          |         | extended |              | 
Not-null constraints:
    "np_vertex_21_2_annotations_id_not_null" NOT NULL "id"

 
 /*
SELECT vertex_build(0::int8, graph.id, label.id, 0::smallint,'{"name": "Alice", "age": 30}'::gtype)
FROM np_vertex_label_21 label, np_graph graph
WHERE graph.name = 'vertex_graph'
  AND label.ltree @ 'person';
*/
SELECT create_vlabel('vertex_graph', 'person.employee.engineer');
ERROR:  Base labels cannot contain dots. Use merge_vlabels to build hierarchies.
SELECT create_vlabel('vertex_graph', 'employee');
NOTICE:  vlabel "employee" has been created
 create_vlabel 
---------------
 
(1 row)

SELECT create_vlabel('vertex_graph', 'engineer', ARRAY['EMPLOYEED', 'ON_PTO']);
NOTICE:  vlabel "engineer" has been created
 create_vlabel 
---------------
 
(1 row)

SELECT merge_vlabels('vertex_graph', 2, 3);
NOTICE:  Merged vlabel "_.person.employee" has been created
 merge_vlabels 
---------------
 
(1 row)

SELECT merge_vlabels('vertex_graph', 5, 4);
NOTICE:  Merged vlabel "_.person.employee.engineer" has been created
 merge_vlabels 
---------------
 
(1 row)

SELECT create_vlabel('vertex_graph', 'ON_PTO');
ERROR:  Label 'ON_PTO' is already registered as a annotation label
SELECT create_vlabel('vertex_graph', 'new_label', ARRAY['person']);
ERROR:  Label 'person' is already registered as a structural label
/*
SELECT vertex_build(1::int8, graph.id, label.id, 0::smallint,'{"name": "Alice", "age": 30}'::gtype)
FROM np_vertex_label_21 label, np_graph graph
WHERE graph.name = 'vertex_graph'
  AND label.ltree @ 'person';

--
-- Vertex with a Dictionary
--
-- 1. Default
--

SELECT dictionary_log(21, 1, '["age", "name"]'::dictionary);

SELECT vertex_set_dictionary(vertex_build(1, 21, 1, 0::smallint, '{"name": "Alice", "age": 30}'), 1);
SELECT vertex_set_dictionary(vertex_build(1, 21, 1, 0::smallint, '{"name": "Alice", "age": 30, "weight": 9001}'::gtype), 1);
SELECT vertex_set_dictionary(vertex_build(1, 21, 1, 0::smallint, '{"name": "Bob"}'::gtype), 1);
SELECT vertex_set_dictionary(vertex_build(1, 21, 1, 0::smallint, '{}'::gtype), 1);
SELECT vertex_set_dictionary(vertex_build(1, 21, 1, 0::smallint, '{"x": 1, "y": 2}'::gtype), 1);
SELECT vertex_set_dictionary(vertex_build(1, 21, 1, 0::smallint,'{"name": "Alice", "age": 30, "extra": {"nested": true}, "flag": true}'::gtype), 1);

--
-- Vertex with a Dictionary
--
-- 2. With show_dictionary_nulls GUC ENABLED
--
SET neopostgraph.show_dictionary_nulls = true;

SELECT vertex_set_dictionary(vertex_build(1, 21, 1, 0::smallint, '{"name": "Alice", "age": 30}'::gtype), 1);
SELECT vertex_set_dictionary(vertex_build(1, 21, 1, 0::smallint, '{"name": "Alice", "age": 30, "weight": 9001}'::gtype), 1);
SELECT vertex_set_dictionary(vertex_build(1, 21, 1, 0::smallint, '{"name": "Bob"}'::gtype), 1);
SELECT vertex_set_dictionary(vertex_build(1, 21, 1, 0::smallint, '{}'::gtype), 1);
SELECT vertex_set_dictionary(vertex_build(1, 21, 1, 0::smallint, '{"x": 1, "y": 2}'::gtype), 1);
SELECT vertex_set_dictionary(vertex_build(1, 21, 1, 0::smallint, '{"name": "Alice", "age": 30, "extra": {"nested": true}, "flag": true}'::gtype), 1);

--
-- Vertex with a Dictionary
--
-- 3. With show_dictionary_keys GUC DISABLED
--
SET neopostgraph.show_dictionary_keys = false;

SELECT vertex_set_dictionary(vertex_build(1, 21, 1, 0::smallint, '{"name": "Alice", "age": 30}'::gtype), 1);
SELECT vertex_set_dictionary(vertex_build(1, 21, 1, 0::smallint, '{"name": "Alice", "age": 30, "weight": 9001}'::gtype), 1);
SELECT vertex_set_dictionary(vertex_build(1, 21, 1, 0::smallint, '{"name": "Bob"}'::gtype), 1);
SELECT vertex_set_dictionary(vertex_build(1, 21, 1, 0::smallint, '{}'::gtype), 1);
SELECT vertex_set_dictionary(vertex_build(1, 21, 1, 0::smallint, '{"x": 1, "y": 2}'::gtype), 1);
SELECT vertex_set_dictionary(vertex_build(1, 21, 1, 0::smallint,'{"name": "Alice", "age": 30, "extra": {"nested": true}, "flag": true}'::gtype), 1);

\dt public
RESET neopostgraph.show_dictionary_keys;
*/
select insert_vertex(vertex_build(nextval('np_vertex_id_seq_21_1'), 21, 1, 0::smallint,'{"name": "Alice", "age": 30}'::gtype));
 insert_vertex 
---------------
 
(1 row)

select insert_vertex(vertex_build(nextval('np_vertex_id_seq_21_1'), 21, 1, 0::smallint,'{"name": "Bob", "age": 33}'::gtype));
 insert_vertex 
---------------
 
(1 row)

select insert_edge(
  vertex_build(1, 21, 1, 0::smallint,'{"name": "Alice", "age": 30}'::gtype),
  vertex_build(2, 21, 1, 0::smallint,'{"name": "Bob", "age": 33}'::gtype),
  edge_build(
      nextval('np_edge_id_seq_21_1'), 21, 1, 0::smallint, 
      vertex_build(1, 21, 1, 0::smallint,'{"name": "Alice", "age": 30}'::gtype),
      vertex_build(2, 21, 1, 0::smallint,'{"name": "Bob", "age": 33}'::gtype),
      '{}'::gtype)
  );
 insert_edge 
-------------
 
(1 row)

\d+ np_edge_21_1
                               Table "public.np_edge_21_1"
 Column |  Type  | Collation | Nullable | Default | Storage  | Stats target | Description 
--------+--------+-----------+----------+---------+----------+--------------+-------------
 id     | bigint |           | not null |         | plain    |              | 
 edge   | edge   |           | not null |         | extended |              | 
Not-null constraints:
    "np_edge_21_1_id_not_null" NOT NULL "id"
    "np_edge_21_1_edge_not_null" NOT NULL "edge"

SELECT * FROM public.np_edge_21_1;
 id |                                         edge                                          
----+---------------------------------------------------------------------------------------
  1 | {"id": 1, "start_vertex": (1,1), "edge_vertex": (1,2), "label": "", "properties": {}}
(1 row)

select insert_edge(
  vertex_build(1, 21, 1, 0::smallint,'{"name": "Alice", "age": 30}'::gtype),
  vertex_build(2, 21, 1, 0::smallint,'{"name": "Bob", "age": 33}'::gtype),
  edge_build(
      nextval('np_edge_id_seq_21_1'), 21, 1, 0::smallint, 
      vertex_build(1, 21, 1, 0::smallint,'{"name": "Alice", "age": 30}'::gtype),
      vertex_build(2, 21, 1, 0::smallint,'{"name": "Bob", "age": 33}'::gtype),
      '{}'::gtype)
  );
 insert_edge 
-------------
 
(1 row)

select * from np_vertex_21_2_linked_list_meta;
 id |             tbl              | active | compacted 
----+------------------------------+--------+-----------
  1 | np_vertex_21_2_1_linked_list | t      | f
(1 row)

\d+ np_vertex_21_2_1_linked_list
                           Table "public.np_vertex_21_2_1_linked_list"
    Column    |   Type   | Collation | Nullable | Default | Storage | Stats target | Description 
--------------+----------+-----------+----------+---------+---------+--------------+-------------
 id           | bigint   |           |          |         | plain   |              | 
 edge_lid     | integer  |           |          |         | plain   |              | 
 dir          | "char"   |           |          |         | plain   |              | 
 owner_id     | bigint   |           |          |         | plain   |              | 
 other_id     | bigint   |           |          |         | plain   |              | 
 other_lid    | integer  |           |          |         | plain   |              | 
 next_tbl     | regclass |           |          |         | plain   |              | 
 next_itemptr | tid      |           |          |         | plain   |              | 
 prev_tbl     | regclass |           |          |         | plain   |              | 
 prev_itemptr | tid      |           |          |         | plain   |              | 

\d+ np_vertex_21_2_2_linked_list
 
select * From np_vertex_21_2_1_linked_list;
 id | edge_lid | dir | owner_id | other_id | other_lid | next_tbl | next_itemptr | prev_tbl | prev_itemptr 
----+----------+-----+----------+----------+-----------+----------+--------------+----------+--------------
(0 rows)

select * From np_vertex_21_2_2_linked_list;
ERROR:  relation "np_vertex_21_2_2_linked_list" does not exist
LINE 1: select * From np_vertex_21_2_2_linked_list;
                      ^
select * From np_vertex_21_1_1_linked_list;
 id | edge_lid | dir  | owner_id | other_id | other_lid |           next_tbl           |  next_itemptr  |           prev_tbl           |  prev_itemptr  
----+----------+------+----------+----------+-----------+------------------------------+----------------+------------------------------+----------------
  1 |        1 |      |        1 |        2 |         1 | -                            | (4294967295,0) | np_vertex_21_1_1_linked_list | (0,3)
  1 |        1 | \x01 |        2 |        1 |         1 | -                            | (4294967295,0) | np_vertex_21_1_1_linked_list | (0,4)
  2 |        1 |      |        1 |        2 |         1 | np_vertex_21_1_1_linked_list | (0,1)          | -                            | (4294967295,0)
  2 |        1 | \x01 |        2 |        1 |         1 | np_vertex_21_1_1_linked_list | (0,2)          | -                            | (4294967295,0)
(4 rows)

select * From np_vertex_21_1_2_linked_list;
ERROR:  relation "np_vertex_21_1_2_linked_list" does not exist
LINE 1: select * From np_vertex_21_1_2_linked_list;
                      ^
select * from np_vertex_21_1_phys_map;
 v_itemptr |           e_tbl_id           | e_itemptr |   a_itemptr    
-----------+------------------------------+-----------+----------------
 (0,1)     | np_vertex_21_1_1_linked_list | (0,3)     | (4294967295,0)
 (0,2)     | np_vertex_21_1_1_linked_list | (0,4)     | (4294967295,0)
(2 rows)

select * From np_vertex_1_1_1_linked_list;
ERROR:  relation "np_vertex_1_1_1_linked_list" does not exist
LINE 1: select * From np_vertex_1_1_1_linked_list;
                      ^
SELECT * FROM public.np_edge_21_1;
 id |                                         edge                                          
----+---------------------------------------------------------------------------------------
  1 | {"id": 1, "start_vertex": (1,1), "edge_vertex": (1,2), "label": "", "properties": {}}
  2 | {"id": 2, "start_vertex": (1,1), "edge_vertex": (1,2), "label": "", "properties": {}}
(2 rows)

SELECT insert_vertex(
  vertex_build(nextval('np_vertex_id_seq_21_2'), 21, 2, 0::smallint, '{"name": "Alice", "age": 30}'::gtype),
   ARRAY['EMPLOYEED']
);
 insert_vertex 
---------------
 
(1 row)

SELECT insert_vertex(
  vertex_build(nextval('np_vertex_id_seq_21_2'), 21, 2, 0::smallint, '{"name": "Bob", "age": 33}'::gtype),
   ARRAY['FREE']
);
 insert_vertex 
---------------
 
(1 row)

select * from np_vertex_21_2;
 id |                                       vertex                                       
----+------------------------------------------------------------------------------------
  1 | {"id": 1, "label": "person:EMPLOYEED", "properties": {"age": 30, "name": "Alice"}}
  2 | {"id": 2, "label": "person:FREE", "properties": {"age": 33, "name": "Bob"}}
(2 rows)

select * from np_vertex_21_2_annotations;
 id | annotations 
----+-------------
  1 | \x01
  2 | \x02
(2 rows)

SELECT insert_vertex(
  vertex_build(nextval('np_vertex_id_seq_21_6'), 21, 6, 0::smallint, '{"name": "Charlie", "age": 36}'::gtype),
   ARRAY['FREE']
);
 insert_vertex 
---------------
 
(1 row)

select * from np_vertex_21_6;
 id |                                              vertex                                               
----+---------------------------------------------------------------------------------------------------
  1 | {"id": 1, "label": "person:employee:engineer:FREE", "properties": {"age": 36, "name": "Charlie"}}
(1 row)

select * from np_vertex_21_6_annotations;
 id | annotations 
----+-------------
  1 | \x02
(1 row)

select * from np_vertex_21_1_phys_map;
 v_itemptr |           e_tbl_id           | e_itemptr |   a_itemptr    
-----------+------------------------------+-----------+----------------
 (0,1)     | np_vertex_21_1_1_linked_list | (0,3)     | (4294967295,0)
 (0,2)     | np_vertex_21_1_1_linked_list | (0,4)     | (4294967295,0)
(2 rows)

select insert_edge(
  vertex_build(1, 21, 2, 0::smallint,'{"name": "Alice", "age": 30}'::gtype),
  vertex_build(2, 21, 2, 0::smallint,'{"name": "Bob", "age": 33}'::gtype),
  edge_build(
      nextval('np_edge_id_seq_21_1'), 21, 1, 0::smallint, 
      vertex_build(1, 21, 2, 0::smallint,'{"name": "Alice", "age": 30}'::gtype),
      vertex_build(2, 21, 2, 0::smallint,'{"name": "Bob", "age": 33}'::gtype),
      '{}'::gtype)
  );
 insert_edge 
-------------
 
(1 row)

select * from np_vertex_21_1_phys_map;
 v_itemptr |           e_tbl_id           | e_itemptr |   a_itemptr    
-----------+------------------------------+-----------+----------------
 (0,1)     | np_vertex_21_1_1_linked_list | (0,3)     | (4294967295,0)
 (0,2)     | np_vertex_21_1_1_linked_list | (0,4)     | (4294967295,0)
(2 rows)

select rotate_active_linked_list_table('vertex_graph', 2);
 rotate_active_linked_list_table 
---------------------------------
 
(1 row)

select * from np_vertex_21_1_phys_map;
 v_itemptr |           e_tbl_id           | e_itemptr |   a_itemptr    
-----------+------------------------------+-----------+----------------
 (0,1)     | np_vertex_21_1_1_linked_list | (0,3)     | (4294967295,0)
 (0,2)     | np_vertex_21_1_1_linked_list | (0,4)     | (4294967295,0)
(2 rows)

select insert_edge(
  vertex_build(1, 21, 2, 0::smallint,'{"name": "Alice", "age": 30}'::gtype),
  vertex_build(2, 21, 2, 0::smallint,'{"name": "Bob", "age": 33}'::gtype),
  edge_build(
      nextval('np_edge_id_seq_21_1'), 21, 1, 0::smallint, 
      vertex_build(1, 21, 2, 0::smallint,'{"name": "Alice", "age": 30}'::gtype),
      vertex_build(2, 21, 2, 0::smallint,'{"name": "Bob", "age": 33}'::gtype),
      '{}'::gtype)
  );
 insert_edge 
-------------
 
(1 row)

select * from np_vertex_21_1_phys_map;
 v_itemptr |           e_tbl_id           | e_itemptr |   a_itemptr    
-----------+------------------------------+-----------+----------------
 (0,1)     | np_vertex_21_1_1_linked_list | (0,3)     | (4294967295,0)
 (0,2)     | np_vertex_21_1_1_linked_list | (0,4)     | (4294967295,0)
(2 rows)

select * From np_vertex_21_2_1_linked_list;
 id | edge_lid | dir  | owner_id | other_id | other_lid | next_tbl |  next_itemptr  |           prev_tbl           | prev_itemptr 
----+----------+------+----------+----------+-----------+----------+----------------+------------------------------+--------------
  3 |        1 |      |        1 |        2 |         2 | -        | (4294967295,0) | np_vertex_21_2_2_linked_list | (0,1)
  3 |        1 | \x01 |        2 |        1 |         2 | -        | (4294967295,0) | np_vertex_21_2_2_linked_list | (0,2)
(2 rows)

select * From np_vertex_21_2_2_linked_list;
 id | edge_lid | dir  | owner_id | other_id | other_lid |           next_tbl           | next_itemptr | prev_tbl |  prev_itemptr  
----+----------+------+----------+----------+-----------+------------------------------+--------------+----------+----------------
  4 |        1 |      |        1 |        2 |         2 | np_vertex_21_2_1_linked_list | (0,1)        | -        | (4294967295,0)
  4 |        1 | \x01 |        2 |        1 |         2 | np_vertex_21_2_1_linked_list | (0,2)        | -        | (4294967295,0)
(2 rows)

select compact_oldest_linked_list_table('vertex_graph', 2);
 compact_oldest_linked_list_table 
----------------------------------
 
(1 row)

select * from np_vertex_21_1_phys_map;
 v_itemptr |           e_tbl_id           | e_itemptr |   a_itemptr    
-----------+------------------------------+-----------+----------------
 (0,1)     | np_vertex_21_1_1_linked_list | (0,3)     | (4294967295,0)
 (0,2)     | np_vertex_21_1_1_linked_list | (0,4)     | (4294967295,0)
(2 rows)

select * From np_vertex_21_2_1_linked_list;
 id | edge_lid | dir  | owner_id | other_id | other_lid | next_tbl |  next_itemptr  |           prev_tbl           | prev_itemptr 
----+----------+------+----------+----------+-----------+----------+----------------+------------------------------+--------------
  3 |        1 |      |        1 |        2 |         2 | -        | (4294967295,0) | np_vertex_21_2_2_linked_list | (0,1)
  3 |        1 | \x01 |        2 |        1 |         2 | -        | (4294967295,0) | np_vertex_21_2_2_linked_list | (0,2)
(2 rows)

select * From np_vertex_21_2_2_linked_list;
 id | edge_lid | dir  | owner_id | other_id | other_lid |         next_tbl         | next_itemptr | prev_tbl |  prev_itemptr  
----+----------+------+----------+----------+-----------+--------------------------+--------------+----------+----------------
  4 |        1 |      |        1 |        2 |         2 | np_vertex_21_2_arraylist | (0,1)        | -        | (4294967295,0)
  4 |        1 | \x01 |        2 |        1 |         2 | np_vertex_21_2_arraylist | (0,2)        | -        | (4294967295,0)
(2 rows)

SELECT * FROM np_vertex_21_2_arraylist;
 id |          prev_table          | prev_itemptr |                                                                  adj_list                                                                   |  next_itemptr  
----+------------------------------+--------------+---------------------------------------------------------------------------------------------------------------------------------------------+----------------
  1 | np_vertex_21_2_2_linked_list | (0,1)        | [{"edge_id": 3, "edge_lid": 1, "dir": 0, "other_id": 2, "other_lid": 2, "xmin": 807, "xmax": 0, "cmin": 0, "cmax": 4294967295, "flags": 0}] | (4294967295,0)
  2 | np_vertex_21_2_2_linked_list | (0,2)        | [{"edge_id": 3, "edge_lid": 1, "dir": 1, "other_id": 1, "other_lid": 2, "xmin": 807, "xmax": 0, "cmin": 0, "cmax": 4294967295, "flags": 0}] | (4294967295,0)
(2 rows)

select rotate_active_linked_list_table('vertex_graph', 2);
 rotate_active_linked_list_table 
---------------------------------
 
(1 row)

select compact_oldest_linked_list_table('vertex_graph', 2);
 compact_oldest_linked_list_table 
----------------------------------
 
(1 row)

select * from np_vertex_21_1_phys_map;
 v_itemptr |           e_tbl_id           | e_itemptr |   a_itemptr    
-----------+------------------------------+-----------+----------------
 (0,1)     | np_vertex_21_1_1_linked_list | (0,3)     | (4294967295,0)
 (0,2)     | np_vertex_21_1_1_linked_list | (0,4)     | (4294967295,0)
(2 rows)

select * From np_vertex_21_2_1_linked_list;
 id | edge_lid | dir  | owner_id | other_id | other_lid | next_tbl |  next_itemptr  |           prev_tbl           | prev_itemptr 
----+----------+------+----------+----------+-----------+----------+----------------+------------------------------+--------------
  3 |        1 |      |        1 |        2 |         2 | -        | (4294967295,0) | np_vertex_21_2_2_linked_list | (0,1)
  3 |        1 | \x01 |        2 |        1 |         2 | -        | (4294967295,0) | np_vertex_21_2_2_linked_list | (0,2)
(2 rows)

select * From np_vertex_21_2_2_linked_list;
 id | edge_lid | dir  | owner_id | other_id | other_lid |         next_tbl         | next_itemptr | prev_tbl |  prev_itemptr  
----+----------+------+----------+----------+-----------+--------------------------+--------------+----------+----------------
  4 |        1 |      |        1 |        2 |         2 | np_vertex_21_2_arraylist | (0,1)        | -        | (4294967295,0)
  4 |        1 | \x01 |        2 |        1 |         2 | np_vertex_21_2_arraylist | (0,2)        | -        | (4294967295,0)
(2 rows)

select * From np_vertex_21_2_3_linked_list;
 id | edge_lid | dir | owner_id | other_id | other_lid | next_tbl | next_itemptr | prev_tbl | prev_itemptr 
----+----------+-----+----------+----------+-----------+----------+--------------+----------+--------------
(0 rows)

select * from np_vertex_21_2_linked_list_meta;
 id |             tbl              | active | compacted 
----+------------------------------+--------+-----------
  1 | np_vertex_21_2_1_linked_list | f      | t
  3 | np_vertex_21_2_3_linked_list | t      | f
  2 | np_vertex_21_2_2_linked_list | f      | t
(3 rows)

SELECT * FROM np_vertex_21_2_arraylist;
 id | prev_table |  prev_itemptr  |                                                                                                                                        adj_list                                                                                                                                        |  next_itemptr  
----+------------+----------------+----------------------------------------------------------------------------------------------------------------------------------------------------------------------------------------------------------------------------------------------------------------------------------------+----------------
  1 | -          | (4294967295,0) | [{"edge_id": 4, "edge_lid": 1, "dir": 0, "other_id": 2, "other_lid": 2, "xmin": 809, "xmax": 0, "cmin": 0, "cmax": 4294967295, "flags": 0}, {"edge_id": 3, "edge_lid": 1, "dir": 0, "other_id": 2, "other_lid": 2, "xmin": 807, "xmax": 0, "cmin": 0, "cmax": 4294967295, "flags": 0}] | (4294967295,0)
  2 | -          | (4294967295,0) | [{"edge_id": 4, "edge_lid": 1, "dir": 1, "other_id": 1, "other_lid": 2, "xmin": 809, "xmax": 0, "cmin": 0, "cmax": 4294967295, "flags": 0}, {"edge_id": 3, "edge_lid": 1, "dir": 1, "other_id": 1, "other_lid": 2, "xmin": 807, "xmax": 0, "cmin": 0, "cmax": 4294967295, "flags": 0}] | (4294967295,0)
(2 rows)

select compact_oldest_linked_list_table('vertex_graph', 2);
 compact_oldest_linked_list_table 
----------------------------------
 
(1 row)

select compact_oldest_linked_list_table('vertex_graph', 2);
 compact_oldest_linked_list_table 
----------------------------------
 
(1 row)

select compact_oldest_linked_list_table('vertex_graph', 2);
 compact_oldest_linked_list_table 
----------------------------------
 
(1 row)

select ctid, * from np_vertex_21_2_phys_map;
 ctid  | v_itemptr |         e_tbl_id         | e_itemptr | a_itemptr 
-------+-----------+--------------------------+-----------+-----------
 (0,1) | (0,1)     | np_vertex_21_2_arraylist | (0,3)     | (0,1)
 (0,2) | (0,2)     | np_vertex_21_2_arraylist | (0,4)     | (0,2)
(2 rows)

select ctid, * from np_vertex_21_2;
 ctid  | id |                                       vertex                                       
-------+----+------------------------------------------------------------------------------------
 (0,1) |  1 | {"id": 1, "label": "person:EMPLOYEED", "properties": {"age": 30, "name": "Alice"}}
 (0,2) |  2 | {"id": 2, "label": "person:FREE", "properties": {"age": 33, "name": "Bob"}}
(2 rows)

select update_vertex(1::int8, 2::int4, 21::int4, '{"age": 30, "name": "Alex"}'::gtype);
 update_vertex 
---------------
 
(1 row)

select ctid, * from np_vertex_21_2_phys_map;
 ctid  | v_itemptr |         e_tbl_id         | e_itemptr | a_itemptr 
-------+-----------+--------------------------+-----------+-----------
 (0,1) | (0,3)     | np_vertex_21_2_arraylist | (0,3)     | (0,1)
 (0,2) | (0,2)     | np_vertex_21_2_arraylist | (0,4)     | (0,2)
(2 rows)

select ctid, * from np_vertex_21_2;
 ctid  | id |                                      vertex                                       
-------+----+-----------------------------------------------------------------------------------
 (0,2) |  2 | {"id": 2, "label": "person:FREE", "properties": {"age": 33, "name": "Bob"}}
 (0,3) |  1 | {"id": 1, "label": "person:EMPLOYEED", "properties": {"age": 30, "name": "Alex"}}
(2 rows)

SELECT create_vlabel('vertex_graph', 'thirdLabel');
NOTICE:  vlabel "thirdLabel" has been created
 create_vlabel 
---------------
 
(1 row)

SELECT insert_vertex(
  vertex_build(nextval('np_vertex_id_seq_21_3'), 21, 3, 0::smallint, '{"name": "Alice", "age": 30}'::gtype)
);
 insert_vertex 
---------------
 
(1 row)

SELECT insert_vertex(
  vertex_build(nextval('np_vertex_id_seq_21_3'), 21, 3, 0::smallint, '{"name": "Bob", "age": 33}'::gtype)
);
 insert_vertex 
---------------
 
(1 row)

select * from np_vertex_21_1_phys_map;
 v_itemptr |           e_tbl_id           | e_itemptr |   a_itemptr    
-----------+------------------------------+-----------+----------------
 (0,1)     | np_vertex_21_1_1_linked_list | (0,3)     | (4294967295,0)
 (0,2)     | np_vertex_21_1_1_linked_list | (0,4)     | (4294967295,0)
(2 rows)

select insert_edge(
  vertex_build(1, 21, 3, 0::smallint,'{"name": "Alice", "age": 30}'::gtype),
  vertex_build(2, 21, 3, 0::smallint,'{"name": "Bob", "age": 33}'::gtype),
  edge_build(
      nextval('np_edge_id_seq_21_1'), 21, 1, 0::smallint, 
      vertex_build(1, 21, 3, 0::smallint,'{"name": "Alice", "age": 30}'::gtype),
      vertex_build(2, 21, 3, 0::smallint,'{"name": "Bob", "age": 33}'::gtype),
      '{}'::gtype)
  );
 insert_edge 
-------------
 
(1 row)

select insert_edge(
  vertex_build(1, 21, 3, 0::smallint,'{"name": "Alice", "age": 30}'::gtype),
  vertex_build(2, 21, 3, 0::smallint,'{"name": "Bob", "age": 33}'::gtype),
  edge_build(
      nextval('np_edge_id_seq_21_1'), 21, 1, 0::smallint, 
      vertex_build(1, 21, 3, 0::smallint,'{"name": "Alice", "age": 30}'::gtype),
      vertex_build(2, 21, 3, 0::smallint,'{"name": "Bob", "age": 33}'::gtype),
      '{}'::gtype)
  );
 insert_edge 
-------------
 
(1 row)

select * from np_vertex_21_3_phys_map;
 v_itemptr |           e_tbl_id           | e_itemptr |   a_itemptr    
-----------+------------------------------+-----------+----------------
 (0,1)     | np_vertex_21_3_1_linked_list | (0,3)     | (4294967295,0)
 (0,2)     | np_vertex_21_3_1_linked_list | (0,4)     | (4294967295,0)
(2 rows)

select * From np_vertex_21_3_1_linked_list;
 id | edge_lid | dir  | owner_id | other_id | other_lid |           next_tbl           |  next_itemptr  |           prev_tbl           |  prev_itemptr  
----+----------+------+----------+----------+-----------+------------------------------+----------------+------------------------------+----------------
  5 |        1 |      |        1 |        2 |         3 | -                            | (4294967295,0) | np_vertex_21_3_1_linked_list | (0,3)
  5 |        1 | \x01 |        2 |        1 |         3 | -                            | (4294967295,0) | np_vertex_21_3_1_linked_list | (0,4)
  6 |        1 |      |        1 |        2 |         3 | np_vertex_21_3_1_linked_list | (0,1)          | -                            | (4294967295,0)
  6 |        1 | \x01 |        2 |        1 |         3 | np_vertex_21_3_1_linked_list | (0,2)          | -                            | (4294967295,0)
(4 rows)

select rotate_active_linked_list_table('vertex_graph', 3);
 rotate_active_linked_list_table 
---------------------------------
 
(1 row)

select compact_oldest_linked_list_table('vertex_graph', 3);
 compact_oldest_linked_list_table 
----------------------------------
 
(1 row)

select * from np_vertex_21_1_phys_map;
 v_itemptr |           e_tbl_id           | e_itemptr |   a_itemptr    
-----------+------------------------------+-----------+----------------
 (0,1)     | np_vertex_21_1_1_linked_list | (0,3)     | (4294967295,0)
 (0,2)     | np_vertex_21_1_1_linked_list | (0,4)     | (4294967295,0)
(2 rows)

select * From np_vertex_21_3_1_linked_list;
 id | edge_lid | dir  | owner_id | other_id | other_lid |           next_tbl           |  next_itemptr  |           prev_tbl           |  prev_itemptr  
----+----------+------+----------+----------+-----------+------------------------------+----------------+------------------------------+----------------
  5 |        1 |      |        1 |        2 |         3 | -                            | (4294967295,0) | np_vertex_21_3_1_linked_list | (0,3)
  5 |        1 | \x01 |        2 |        1 |         3 | -                            | (4294967295,0) | np_vertex_21_3_1_linked_list | (0,4)
  6 |        1 |      |        1 |        2 |         3 | np_vertex_21_3_1_linked_list | (0,1)          | -                            | (4294967295,0)
  6 |        1 | \x01 |        2 |        1 |         3 | np_vertex_21_3_1_linked_list | (0,2)          | -                            | (4294967295,0)
(4 rows)

select * From np_vertex_21_3_2_linked_list;
 id | edge_lid | dir | owner_id | other_id | other_lid | next_tbl | next_itemptr | prev_tbl | prev_itemptr 
----+----------+-----+----------+----------+-----------+----------+--------------+----------+--------------
(0 rows)

SELECT * FROM np_vertex_21_3_arraylist;
 id | prev_table |  prev_itemptr  |                                                                                                                                        adj_list                                                                                                                                        |  next_itemptr  
----+------------+----------------+----------------------------------------------------------------------------------------------------------------------------------------------------------------------------------------------------------------------------------------------------------------------------------------+----------------
  1 | -          | (4294967295,0) | [{"edge_id": 5, "edge_lid": 1, "dir": 0, "other_id": 2, "other_lid": 3, "xmin": 820, "xmax": 0, "cmin": 0, "cmax": 4294967295, "flags": 0}, {"edge_id": 6, "edge_lid": 1, "dir": 0, "other_id": 2, "other_lid": 3, "xmin": 821, "xmax": 0, "cmin": 0, "cmax": 4294967295, "flags": 0}] | (4294967295,0)
  2 | -          | (4294967295,0) | [{"edge_id": 5, "edge_lid": 1, "dir": 1, "other_id": 1, "other_lid": 3, "xmin": 820, "xmax": 0, "cmin": 0, "cmax": 4294967295, "flags": 0}, {"edge_id": 6, "edge_lid": 1, "dir": 1, "other_id": 1, "other_lid": 3, "xmin": 821, "xmax": 0, "cmin": 0, "cmax": 4294967295, "flags": 0}] | (4294967295,0)
(2 rows)

SELECT * FROM public.np_edge_21_1;
 id |                                         edge                                          
----+---------------------------------------------------------------------------------------
  1 | {"id": 1, "start_vertex": (1,1), "edge_vertex": (1,2), "label": "", "properties": {}}
  2 | {"id": 2, "start_vertex": (1,1), "edge_vertex": (1,2), "label": "", "properties": {}}
  3 | {"id": 3, "start_vertex": (2,1), "edge_vertex": (2,2), "label": "", "properties": {}}
  4 | {"id": 4, "start_vertex": (2,1), "edge_vertex": (2,2), "label": "", "properties": {}}
  5 | {"id": 5, "start_vertex": (3,1), "edge_vertex": (3,2), "label": "", "properties": {}}
  6 | {"id": 6, "start_vertex": (3,1), "edge_vertex": (3,2), "label": "", "properties": {}}
(6 rows)

select update_edge(1::int8, 1::int4, 21::int4, '{"known_since": "12/31/1971"::date}'::gtype);
 update_edge 
-------------
 
(1 row)

SELECT * FROM public.np_edge_21_1;
 id |                                                      edge                                                      
----+----------------------------------------------------------------------------------------------------------------
  2 | {"id": 2, "start_vertex": (1,1), "edge_vertex": (1,2), "label": "", "properties": {}}
  3 | {"id": 3, "start_vertex": (2,1), "edge_vertex": (2,2), "label": "", "properties": {}}
  4 | {"id": 4, "start_vertex": (2,1), "edge_vertex": (2,2), "label": "", "properties": {}}
  5 | {"id": 5, "start_vertex": (3,1), "edge_vertex": (3,2), "label": "", "properties": {}}
  6 | {"id": 6, "start_vertex": (3,1), "edge_vertex": (3,2), "label": "", "properties": {}}
  1 | {"id": 1, "start_vertex": (1,1), "edge_vertex": (1,2), "label": "", "properties": {"known_since": 12-31-1971}}
(6 rows)

select * from np_vertex_21_1_1_linked_list;
 id | edge_lid | dir  | owner_id | other_id | other_lid |           next_tbl           |  next_itemptr  |           prev_tbl           |  prev_itemptr  
----+----------+------+----------+----------+-----------+------------------------------+----------------+------------------------------+----------------
  1 |        1 |      |        1 |        2 |         1 | -                            | (4294967295,0) | np_vertex_21_1_1_linked_list | (0,3)
  1 |        1 | \x01 |        2 |        1 |         1 | -                            | (4294967295,0) | np_vertex_21_1_1_linked_list | (0,4)
  2 |        1 |      |        1 |        2 |         1 | np_vertex_21_1_1_linked_list | (0,1)          | -                            | (4294967295,0)
  2 |        1 | \x01 |        2 |        1 |         1 | np_vertex_21_1_1_linked_list | (0,2)          | -                            | (4294967295,0)
(4 rows)

select delete_edge(2::int8, 1::int4, 21::int4);
 delete_edge 
-------------
 
(1 row)

SELECT * FROM public.np_edge_21_1;
 id |                                                      edge                                                      
----+----------------------------------------------------------------------------------------------------------------
  3 | {"id": 3, "start_vertex": (2,1), "edge_vertex": (2,2), "label": "", "properties": {}}
  4 | {"id": 4, "start_vertex": (2,1), "edge_vertex": (2,2), "label": "", "properties": {}}
  5 | {"id": 5, "start_vertex": (3,1), "edge_vertex": (3,2), "label": "", "properties": {}}
  6 | {"id": 6, "start_vertex": (3,1), "edge_vertex": (3,2), "label": "", "properties": {}}
  1 | {"id": 1, "start_vertex": (1,1), "edge_vertex": (1,2), "label": "", "properties": {"known_since": 12-31-1971}}
(5 rows)

select * from np_vertex_21_1_1_linked_list;
 id | edge_lid | dir  | owner_id | other_id | other_lid | next_tbl |  next_itemptr  |           prev_tbl           | prev_itemptr 
----+----------+------+----------+----------+-----------+----------+----------------+------------------------------+--------------
  1 |        1 |      |        1 |        2 |         1 | -        | (4294967295,0) | np_vertex_21_1_1_linked_list | (0,3)
  1 |        1 | \x01 |        2 |        1 |         1 | -        | (4294967295,0) | np_vertex_21_1_1_linked_list | (0,4)
(2 rows)

SELECT * FROM public.np_vertex_21_1;
 id |                               vertex                               
----+--------------------------------------------------------------------
  1 | {"id": 1, "label": "", "properties": {"age": 30, "name": "Alice"}}
  2 | {"id": 2, "label": "", "properties": {"age": 33, "name": "Bob"}}
(2 rows)

select delete_vertex(1::int8, 1::int4, 21::int4, false);
ERROR:  Cannot delete vertex 1 because it still has active edges. Use DETACH DELETE.
SELECT * FROM public.np_vertex_21_1;
 id |                               vertex                               
----+--------------------------------------------------------------------
  1 | {"id": 1, "label": "", "properties": {"age": 30, "name": "Alice"}}
  2 | {"id": 2, "label": "", "properties": {"age": 33, "name": "Bob"}}
(2 rows)

select * from np_vertex_21_1_phys_map;
 v_itemptr |           e_tbl_id           | e_itemptr |   a_itemptr    
-----------+------------------------------+-----------+----------------
 (0,1)     | np_vertex_21_1_1_linked_list | (0,3)     | (4294967295,0)
 (0,2)     | np_vertex_21_1_1_linked_list | (0,4)     | (4294967295,0)
(2 rows)

select * From np_vertex_21_1_1_linked_list;
 id | edge_lid | dir  | owner_id | other_id | other_lid | next_tbl |  next_itemptr  |           prev_tbl           | prev_itemptr 
----+----------+------+----------+----------+-----------+----------+----------------+------------------------------+--------------
  1 |        1 |      |        1 |        2 |         1 | -        | (4294967295,0) | np_vertex_21_1_1_linked_list | (0,3)
  1 |        1 | \x01 |        2 |        1 |         1 | -        | (4294967295,0) | np_vertex_21_1_1_linked_list | (0,4)
(2 rows)

select * From np_vertex_21_1_2_linked_list;
ERROR:  relation "np_vertex_21_1_2_linked_list" does not exist
LINE 1: select * From np_vertex_21_1_2_linked_list;
                      ^
SELECT * FROM np_vertex_21_1_arraylist;
 id | prev_table | prev_itemptr | adj_list | next_itemptr 
----+------------+--------------+----------+--------------
(0 rows)

select delete_vertex(1::int8, 1::int4, 21::int4, true);
 delete_vertex 
---------------
 
(1 row)

SELECT * FROM public.np_vertex_21_1;
 id |                              vertex                              
----+------------------------------------------------------------------
  2 | {"id": 2, "label": "", "properties": {"age": 33, "name": "Bob"}}
(1 row)

select * from np_vertex_21_1_phys_map;
 v_itemptr |           e_tbl_id           | e_itemptr |   a_itemptr    
-----------+------------------------------+-----------+----------------
 (0,1)     | np_vertex_21_1_1_linked_list | (0,3)     | (4294967295,0)
 (0,2)     | np_vertex_21_1_1_linked_list | (0,4)     | (4294967295,0)
(2 rows)

select * From np_vertex_21_1_1_linked_list;
 id | edge_lid | dir | owner_id | other_id | other_lid | next_tbl | next_itemptr | prev_tbl | prev_itemptr 
----+----------+-----+----------+----------+-----------+----------+--------------+----------+--------------
(0 rows)

select * From np_vertex_21_1_2_linked_list;
ERROR:  relation "np_vertex_21_1_2_linked_list" does not exist
LINE 1: select * From np_vertex_21_1_2_linked_list;
                      ^
SELECT * FROM np_vertex_21_1_arraylist;
 id | prev_table | prev_itemptr | adj_list | next_itemptr 
----+------------+--------------+----------+--------------
(0 rows)

select * FROM np_vertex_label_21;
 id |           ltree            |      tbl       |        phys_map         |        linked_list_meta         |        linked_list_seq         |        arraylist         |      annotations_tbl       |     annotation_map      
----+----------------------------+----------------+-------------------------+---------------------------------+--------------------------------+--------------------------+----------------------------+-------------------------
  1 | _                          | np_vertex_21_1 | np_vertex_21_1_phys_map | np_vertex_21_1_linked_list_meta | np_vertex_21_1_linked_list_seq | np_vertex_21_1_arraylist | np_vertex_21_1_annotations | 
  2 | _.person                   | np_vertex_21_2 | np_vertex_21_2_phys_map | np_vertex_21_2_linked_list_meta | np_vertex_21_2_linked_list_seq | np_vertex_21_2_arraylist | np_vertex_21_2_annotations | {EMPLOYEED,FREE}
  3 | _.employee                 | np_vertex_21_3 | np_vertex_21_3_phys_map | np_vertex_21_3_linked_list_meta | np_vertex_21_3_linked_list_seq | np_vertex_21_3_arraylist | np_vertex_21_3_annotations | 
  4 | _.engineer                 | np_vertex_21_4 | np_vertex_21_4_phys_map | np_vertex_21_4_linked_list_meta | np_vertex_21_4_linked_list_seq | np_vertex_21_4_arraylist | np_vertex_21_4_annotations | {EMPLOYEED,ON_PTO}
  5 | _.person.employee          | np_vertex_21_5 | np_vertex_21_5_phys_map | np_vertex_21_5_linked_list_meta | np_vertex_21_5_linked_list_seq | np_vertex_21_5_arraylist | np_vertex_21_5_annotations | {EMPLOYEED,FREE}
  6 | _.person.employee.engineer | np_vertex_21_6 | np_vertex_21_6_phys_map | np_vertex_21_6_linked_list_meta | np_vertex_21_6_linked_list_seq | np_vertex_21_6_arraylist | np_vertex_21_6_annotations | {EMPLOYEED,FREE,ON_PTO}
  7 | _.thirdLabel               | np_vertex_21_7 | np_vertex_21_7_phys_map | np_vertex_21_7_linked_list_meta | np_vertex_21_7_linked_list_seq | np_vertex_21_7_arraylist | np_vertex_21_7_annotations | 
(7 rows)

SELECT create_vlabel('vertex_graph', 'person', ARRAY['EMPLOYEED', 'FREE']);
ERROR:  duplicate key value violates unique constraint "np_vertex_label_21_ltree_key"
DETAIL:  Key (ltree)=(_.person) already exists.
select * FROM np_vertex_label_21;
 id |           ltree            |      tbl       |        phys_map         |        linked_list_meta         |        linked_list_seq         |        arraylist         |      annotations_tbl       |     annotation_map      
----+----------------------------+----------------+-------------------------+---------------------------------+--------------------------------+--------------------------+----------------------------+-------------------------
  1 | _                          | np_vertex_21_1 | np_vertex_21_1_phys_map | np_vertex_21_1_linked_list_meta | np_vertex_21_1_linked_list_seq | np_vertex_21_1_arraylist | np_vertex_21_1_annotations | 
  2 | _.person                   | np_vertex_21_2 | np_vertex_21_2_phys_map | np_vertex_21_2_linked_list_meta | np_vertex_21_2_linked_list_seq | np_vertex_21_2_arraylist | np_vertex_21_2_annotations | {EMPLOYEED,FREE}
  3 | _.employee                 | np_vertex_21_3 | np_vertex_21_3_phys_map | np_vertex_21_3_linked_list_meta | np_vertex_21_3_linked_list_seq | np_vertex_21_3_arraylist | np_vertex_21_3_annotations | 
  4 | _.engineer                 | np_vertex_21_4 | np_vertex_21_4_phys_map | np_vertex_21_4_linked_list_meta | np_vertex_21_4_linked_list_seq | np_vertex_21_4_arraylist | np_vertex_21_4_annotations | {EMPLOYEED,ON_PTO}
  5 | _.person.employee          | np_vertex_21_5 | np_vertex_21_5_phys_map | np_vertex_21_5_linked_list_meta | np_vertex_21_5_linked_list_seq | np_vertex_21_5_arraylist | np_vertex_21_5_annotations | {EMPLOYEED,FREE}
  6 | _.person.employee.engineer | np_vertex_21_6 | np_vertex_21_6_phys_map | np_vertex_21_6_linked_list_meta | np_vertex_21_6_linked_list_seq | np_vertex_21_6_arraylist | np_vertex_21_6_annotations | {EMPLOYEED,FREE,ON_PTO}
  7 | _.thirdLabel               | np_vertex_21_7 | np_vertex_21_7_phys_map | np_vertex_21_7_linked_list_meta | np_vertex_21_7_linked_list_seq | np_vertex_21_7_arraylist | np_vertex_21_7_annotations | 
(7 rows)

select * from np_vertex_21_5_annotations;
 id | annotations 
----+-------------
(0 rows)

select * FROM np_vertex_label_21;
 id |           ltree            |      tbl       |        phys_map         |        linked_list_meta         |        linked_list_seq         |        arraylist         |      annotations_tbl       |     annotation_map      
----+----------------------------+----------------+-------------------------+---------------------------------+--------------------------------+--------------------------+----------------------------+-------------------------
  1 | _                          | np_vertex_21_1 | np_vertex_21_1_phys_map | np_vertex_21_1_linked_list_meta | np_vertex_21_1_linked_list_seq | np_vertex_21_1_arraylist | np_vertex_21_1_annotations | 
  2 | _.person                   | np_vertex_21_2 | np_vertex_21_2_phys_map | np_vertex_21_2_linked_list_meta | np_vertex_21_2_linked_list_seq | np_vertex_21_2_arraylist | np_vertex_21_2_annotations | {EMPLOYEED,FREE}
  3 | _.employee                 | np_vertex_21_3 | np_vertex_21_3_phys_map | np_vertex_21_3_linked_list_meta | np_vertex_21_3_linked_list_seq | np_vertex_21_3_arraylist | np_vertex_21_3_annotations | 
  4 | _.engineer                 | np_vertex_21_4 | np_vertex_21_4_phys_map | np_vertex_21_4_linked_list_meta | np_vertex_21_4_linked_list_seq | np_vertex_21_4_arraylist | np_vertex_21_4_annotations | {EMPLOYEED,ON_PTO}
  5 | _.person.employee          | np_vertex_21_5 | np_vertex_21_5_phys_map | np_vertex_21_5_linked_list_meta | np_vertex_21_5_linked_list_seq | np_vertex_21_5_arraylist | np_vertex_21_5_annotations | {EMPLOYEED,FREE}
  6 | _.person.employee.engineer | np_vertex_21_6 | np_vertex_21_6_phys_map | np_vertex_21_6_linked_list_meta | np_vertex_21_6_linked_list_seq | np_vertex_21_6_arraylist | np_vertex_21_6_annotations | {EMPLOYEED,FREE,ON_PTO}
  7 | _.thirdLabel               | np_vertex_21_7 | np_vertex_21_7_phys_map | np_vertex_21_7_linked_list_meta | np_vertex_21_7_linked_list_seq | np_vertex_21_7_arraylist | np_vertex_21_7_annotations | 
(7 rows)

SELECT add_annotation_label('vertex_graph', 'person', 'Active');
NOTICE:  Annotation label "Active" cascaded to 3 structural label(s) under "person"
 add_annotation_label 
----------------------
 
(1 row)

SELECT insert_vertex(
  vertex_build(nextval('np_vertex_id_seq_21_2'), 21, 2, 0::smallint, '{"name": "David", "age": 27}'::gtype),
   ARRAY['Active']
);
 insert_vertex 
---------------
 
(1 row)

select * FROM np_vertex_label_21;
 id |           ltree            |      tbl       |        phys_map         |        linked_list_meta         |        linked_list_seq         |        arraylist         |      annotations_tbl       |         annotation_map         
----+----------------------------+----------------+-------------------------+---------------------------------+--------------------------------+--------------------------+----------------------------+--------------------------------
  1 | _                          | np_vertex_21_1 | np_vertex_21_1_phys_map | np_vertex_21_1_linked_list_meta | np_vertex_21_1_linked_list_seq | np_vertex_21_1_arraylist | np_vertex_21_1_annotations | 
  3 | _.employee                 | np_vertex_21_3 | np_vertex_21_3_phys_map | np_vertex_21_3_linked_list_meta | np_vertex_21_3_linked_list_seq | np_vertex_21_3_arraylist | np_vertex_21_3_annotations | 
  4 | _.engineer                 | np_vertex_21_4 | np_vertex_21_4_phys_map | np_vertex_21_4_linked_list_meta | np_vertex_21_4_linked_list_seq | np_vertex_21_4_arraylist | np_vertex_21_4_annotations | {EMPLOYEED,ON_PTO}
  7 | _.thirdLabel               | np_vertex_21_7 | np_vertex_21_7_phys_map | np_vertex_21_7_linked_list_meta | np_vertex_21_7_linked_list_seq | np_vertex_21_7_arraylist | np_vertex_21_7_annotations | 
  2 | _.person                   | np_vertex_21_2 | np_vertex_21_2_phys_map | np_vertex_21_2_linked_list_meta | np_vertex_21_2_linked_list_seq | np_vertex_21_2_arraylist | np_vertex_21_2_annotations | {EMPLOYEED,FREE,Active}
  5 | _.person.employee          | np_vertex_21_5 | np_vertex_21_5_phys_map | np_vertex_21_5_linked_list_meta | np_vertex_21_5_linked_list_seq | np_vertex_21_5_arraylist | np_vertex_21_5_annotations | {EMPLOYEED,FREE,Active}
  6 | _.person.employee.engineer | np_vertex_21_6 | np_vertex_21_6_phys_map | np_vertex_21_6_linked_list_meta | np_vertex_21_6_linked_list_seq | np_vertex_21_6_arraylist | np_vertex_21_6_annotations | {EMPLOYEED,FREE,ON_PTO,Active}
(7 rows)

select * from np_vertex_21_2;
 id |                                      vertex                                       
----+-----------------------------------------------------------------------------------
  2 | {"id": 2, "label": "person:FREE", "properties": {"age": 33, "name": "Bob"}}
  1 | {"id": 1, "label": "person:EMPLOYEED", "properties": {"age": 30, "name": "Alex"}}
  3 | {"id": 3, "label": "person:Active", "properties": {"age": 27, "name": "David"}}
(3 rows)

select * from np_vertex_21_2_annotations;
 id | annotations 
----+-------------
  1 | \x01
  2 | \x02
  3 | \x04
(3 rows)

select * from np_vertex_21_4_annotations;
 id | annotations 
----+-------------
(0 rows)

select * from np_vertex_21_5_annotations;
 id | annotations 
----+-------------
(0 rows)

select * from np_vertex_21_6_annotations;
 id | annotations 
----+-------------
  1 | \x02
(1 row)

select add_vertex_annotation_label(1, 2, 21, 'Active');
 add_vertex_annotation_label 
-----------------------------
 
(1 row)

select * from np_vertex_21_2;
 id |                                          vertex                                          
----+------------------------------------------------------------------------------------------
  2 | {"id": 2, "label": "person:FREE", "properties": {"age": 33, "name": "Bob"}}
  1 | {"id": 1, "label": "person:EMPLOYEED:Active", "properties": {"age": 30, "name": "Alex"}}
  3 | {"id": 3, "label": "person:Active", "properties": {"age": 27, "name": "David"}}
(3 rows)

select * from np_vertex_21_2_annotations;
 id | annotations 
----+-------------
  2 | \x02
  3 | \x04
  1 | \x05
(3 rows)

select remove_vertex_annotation_label(2, 2, 21, 'FREE');
 remove_vertex_annotation_label 
--------------------------------
 
(1 row)

select * from np_vertex_21_2;
 id |                                          vertex                                          
----+------------------------------------------------------------------------------------------
  2 | {"id": 2, "label": "person", "properties": {"age": 33, "name": "Bob"}}
  1 | {"id": 1, "label": "person:EMPLOYEED:Active", "properties": {"age": 30, "name": "Alex"}}
  3 | {"id": 3, "label": "person:Active", "properties": {"age": 27, "name": "David"}}
(3 rows)

select * from np_vertex_21_2_annotations;
 id | annotations 
----+-------------
  3 | \x04
  1 | \x05
  2 | \x00
(3 rows)

select drop_annotation_label('vertex_graph', 'person', 'Active');
NOTICE:  Annotation label "Active" dropped from 3 structural label(s) under "person"
 drop_annotation_label 
-----------------------
 
(1 row)

select * FROM np_vertex_label_21;
 id |           ltree            |      tbl       |        phys_map         |        linked_list_meta         |        linked_list_seq         |        arraylist         |      annotations_tbl       |     annotation_map      
----+----------------------------+----------------+-------------------------+---------------------------------+--------------------------------+--------------------------+----------------------------+-------------------------
  1 | _                          | np_vertex_21_1 | np_vertex_21_1_phys_map | np_vertex_21_1_linked_list_meta | np_vertex_21_1_linked_list_seq | np_vertex_21_1_arraylist | np_vertex_21_1_annotations | 
  3 | _.employee                 | np_vertex_21_3 | np_vertex_21_3_phys_map | np_vertex_21_3_linked_list_meta | np_vertex_21_3_linked_list_seq | np_vertex_21_3_arraylist | np_vertex_21_3_annotations | 
  4 | _.engineer                 | np_vertex_21_4 | np_vertex_21_4_phys_map | np_vertex_21_4_linked_list_meta | np_vertex_21_4_linked_list_seq | np_vertex_21_4_arraylist | np_vertex_21_4_annotations | {EMPLOYEED,ON_PTO}
  7 | _.thirdLabel               | np_vertex_21_7 | np_vertex_21_7_phys_map | np_vertex_21_7_linked_list_meta | np_vertex_21_7_linked_list_seq | np_vertex_21_7_arraylist | np_vertex_21_7_annotations | 
  2 | _.person                   | np_vertex_21_2 | np_vertex_21_2_phys_map | np_vertex_21_2_linked_list_meta | np_vertex_21_2_linked_list_seq | np_vertex_21_2_arraylist | np_vertex_21_2_annotations | {EMPLOYEED,FREE}
  5 | _.person.employee          | np_vertex_21_5 | np_vertex_21_5_phys_map | np_vertex_21_5_linked_list_meta | np_vertex_21_5_linked_list_seq | np_vertex_21_5_arraylist | np_vertex_21_5_annotations | {EMPLOYEED,FREE}
  6 | _.person.employee.engineer | np_vertex_21_6 | np_vertex_21_6_phys_map | np_vertex_21_6_linked_list_meta | np_vertex_21_6_linked_list_seq | np_vertex_21_6_arraylist | np_vertex_21_6_annotations | {EMPLOYEED,FREE,ON_PTO}
(7 rows)

select * from np_vertex_21_2;
 id |                                      vertex                                       
----+-----------------------------------------------------------------------------------
  2 | {"id": 2, "label": "person", "properties": {"age": 33, "name": "Bob"}}
  1 | {"id": 1, "label": "person:EMPLOYEED", "properties": {"age": 30, "name": "Alex"}}
  3 | {"id": 3, "label": "person", "properties": {"age": 27, "name": "David"}}
(3 rows)

select * from np_vertex_21_2_annotations;
 id | annotations 
----+-------------
  3 | \x04
  1 | \x05
  2 | \x00
(3 rows)

select * from np_vertex_21_4_annotations;
 id | annotations 
----+-------------
(0 rows)

select * from np_vertex_21_5_annotations;
 id | annotations 
----+-------------
(0 rows)

select * from np_vertex_21_6_annotations;
 id | annotations 
----+-------------
  1 | \x02
(1 row)

SELECT * FROM public.np_vertex_21_1;
 id |                              vertex                              
----+------------------------------------------------------------------
  2 | {"id": 2, "label": "", "properties": {"age": 33, "name": "Bob"}}
(1 row)

select * from np_vertex_21_2_phys_map;
 v_itemptr |         e_tbl_id         |   e_itemptr    | a_itemptr 
-----------+--------------------------+----------------+-----------
 (0,3)     | np_vertex_21_2_arraylist | (0,3)          | (0,4)
 (0,2)     | np_vertex_21_2_arraylist | (0,4)          | (0,5)
 (0,4)     | -                        | (4294967295,0) | (0,3)
(3 rows)

select * From np_vertex_21_2_1_linked_list;
 id | edge_lid | dir  | owner_id | other_id | other_lid | next_tbl |  next_itemptr  |           prev_tbl           | prev_itemptr 
----+----------+------+----------+----------+-----------+----------+----------------+------------------------------+--------------
  3 |        1 |      |        1 |        2 |         2 | -        | (4294967295,0) | np_vertex_21_2_2_linked_list | (0,1)
  3 |        1 | \x01 |        2 |        1 |         2 | -        | (4294967295,0) | np_vertex_21_2_2_linked_list | (0,2)
(2 rows)

select * From np_vertex_21_2_2_linked_list;
 id | edge_lid | dir  | owner_id | other_id | other_lid |         next_tbl         | next_itemptr | prev_tbl |  prev_itemptr  
----+----------+------+----------+----------+-----------+--------------------------+--------------+----------+----------------
  4 |        1 |      |        1 |        2 |         2 | np_vertex_21_2_arraylist | (0,1)        | -        | (4294967295,0)
  4 |        1 | \x01 |        2 |        1 |         2 | np_vertex_21_2_arraylist | (0,2)        | -        | (4294967295,0)
(2 rows)

SELECT * FROM np_vertex_21_2_arraylist;
 id | prev_table |  prev_itemptr  |                                                                                                                                        adj_list                                                                                                                                        |  next_itemptr  
----+------------+----------------+----------------------------------------------------------------------------------------------------------------------------------------------------------------------------------------------------------------------------------------------------------------------------------------+----------------
  1 | -          | (4294967295,0) | [{"edge_id": 4, "edge_lid": 1, "dir": 0, "other_id": 2, "other_lid": 2, "xmin": 809, "xmax": 0, "cmin": 0, "cmax": 4294967295, "flags": 0}, {"edge_id": 3, "edge_lid": 1, "dir": 0, "other_id": 2, "other_lid": 2, "xmin": 807, "xmax": 0, "cmin": 0, "cmax": 4294967295, "flags": 0}] | (4294967295,0)
  2 | -          | (4294967295,0) | [{"edge_id": 4, "edge_lid": 1, "dir": 1, "other_id": 1, "other_lid": 2, "xmin": 809, "xmax": 0, "cmin": 0, "cmax": 4294967295, "flags": 0}, {"edge_id": 3, "edge_lid": 1, "dir": 1, "other_id": 1, "other_lid": 2, "xmin": 807, "xmax": 0, "cmin": 0, "cmax": 4294967295, "flags": 0}] | (4294967295,0)
(2 rows)

select set_vertex_label(2, 2, 21, 'missing_label');
NOTICE:  vlabel "missing_label" has been created
NOTICE:  Merged vlabel "_.person.missing_label" has been created
                                   set_vertex_label                                   
--------------------------------------------------------------------------------------
 {"id": 1, "label": "person:missing_label", "properties": {"age": 33, "name": "Bob"}}
(1 row)

select * FROM np_vertex_21_10;
 id |                                        vertex                                        
----+--------------------------------------------------------------------------------------
  1 | {"id": 1, "label": "person:missing_label", "properties": {"age": 33, "name": "Bob"}}
(1 row)

select * FROM np_vertex_21_10_phys_map;
 v_itemptr |           e_tbl_id            | e_itemptr |   a_itemptr    
-----------+-------------------------------+-----------+----------------
 (0,1)     | np_vertex_21_10_1_linked_list | (0,2)     | (4294967295,0)
(1 row)

select * FROM np_vertex_21_10_linked_list_meta;
 id |              tbl              | active | compacted 
----+-------------------------------+--------+-----------
  1 | np_vertex_21_10_1_linked_list | t      | f
(1 row)

select * from np_vertex_21_10_1_linked_list;
 id | edge_lid | dir | owner_id | other_id | other_lid |           next_tbl            |  next_itemptr  |           prev_tbl            |  prev_itemptr  
----+----------+-----+----------+----------+-----------+-------------------------------+----------------+-------------------------------+----------------
  4 |        1 |     |        1 |        1 |         2 | -                             | (4294967295,0) | np_vertex_21_10_1_linked_list | (0,2)
  3 |        1 |     |        1 |        1 |         2 | np_vertex_21_10_1_linked_list | (0,1)          | -                             | (4294967295,0)
(2 rows)

select * FROM np_vertex_21_10_linked_list_seq;
 last_value | log_cnt | is_called 
------------+---------+-----------
          1 |      32 | t
(1 row)

select * FROM np_vertex_21_10_arraylist;
 id | prev_table | prev_itemptr | adj_list | next_itemptr 
----+------------+--------------+----------+--------------
(0 rows)

select * FROM np_vertex_21_10_annotations;
 id | annotations 
----+-------------
(0 rows)

select * FROM np_vertex_label_21;
 id |           ltree            |       tbl       |         phys_map         |         linked_list_meta         |         linked_list_seq         |         arraylist         |       annotations_tbl       |     annotation_map      
----+----------------------------+-----------------+--------------------------+----------------------------------+---------------------------------+---------------------------+-----------------------------+-------------------------
  1 | _                          | np_vertex_21_1  | np_vertex_21_1_phys_map  | np_vertex_21_1_linked_list_meta  | np_vertex_21_1_linked_list_seq  | np_vertex_21_1_arraylist  | np_vertex_21_1_annotations  | 
  3 | _.employee                 | np_vertex_21_3  | np_vertex_21_3_phys_map  | np_vertex_21_3_linked_list_meta  | np_vertex_21_3_linked_list_seq  | np_vertex_21_3_arraylist  | np_vertex_21_3_annotations  | 
  4 | _.engineer                 | np_vertex_21_4  | np_vertex_21_4_phys_map  | np_vertex_21_4_linked_list_meta  | np_vertex_21_4_linked_list_seq  | np_vertex_21_4_arraylist  | np_vertex_21_4_annotations  | {EMPLOYEED,ON_PTO}
  7 | _.thirdLabel               | np_vertex_21_7  | np_vertex_21_7_phys_map  | np_vertex_21_7_linked_list_meta  | np_vertex_21_7_linked_list_seq  | np_vertex_21_7_arraylist  | np_vertex_21_7_annotations  | 
  2 | _.person                   | np_vertex_21_2  | np_vertex_21_2_phys_map  | np_vertex_21_2_linked_list_meta  | np_vertex_21_2_linked_list_seq  | np_vertex_21_2_arraylist  | np_vertex_21_2_annotations  | {EMPLOYEED,FREE}
  5 | _.person.employee          | np_vertex_21_5  | np_vertex_21_5_phys_map  | np_vertex_21_5_linked_list_meta  | np_vertex_21_5_linked_list_seq  | np_vertex_21_5_arraylist  | np_vertex_21_5_annotations  | {EMPLOYEED,FREE}
  6 | _.person.employee.engineer | np_vertex_21_6  | np_vertex_21_6_phys_map  | np_vertex_21_6_linked_list_meta  | np_vertex_21_6_linked_list_seq  | np_vertex_21_6_arraylist  | np_vertex_21_6_annotations  | {EMPLOYEED,FREE,ON_PTO}
  9 | _.missing_label            | np_vertex_21_9  | np_vertex_21_9_phys_map  | np_vertex_21_9_linked_list_meta  | np_vertex_21_9_linked_list_seq  | np_vertex_21_9_arraylist  | np_vertex_21_9_annotations  | 
 10 | _.person.missing_label     | np_vertex_21_10 | np_vertex_21_10_phys_map | np_vertex_21_10_linked_list_meta | np_vertex_21_10_linked_list_seq | np_vertex_21_10_arraylist | np_vertex_21_10_annotations | {EMPLOYEED,FREE}
(9 rows)

